[     686ms] [WARNING] Unrecognized feature: 'web-share'. @ http://localhost:8000/preview:15
[    1010ms] Error: Hydration failed because the server rendered text didn't match the client. As a result this tree will be regenerated on the client. This can happen if a SSR-ed Client Component used:

- A server/client branch `if (typeof window !== 'undefined')`.
- Variable input such as `Date.now()` or `Math.random()` which changes each time it's called.
- Date formatting in a user's locale which doesn't match the server.
- External changing data without sending a snapshot of it along with the HTML.
- Invalid HTML tag nesting.

It can also happen if the client has a browser extension installed which messes with the HTML before React loaded.

https://react.dev/link/hydration-mismatch

  ...
    <RedirectBoundary>
      <RedirectErrorBoundary router={{...}}>
        <InnerLayoutRouter url="/preview" tree={[...]} params={{}} cacheNode={{lazyData:null, ...}} segmentPath={[...]} ...>
          <SegmentViewNode type="page" pagePath="preview/pa...">
            <SegmentTrieNode>
            <ClientPageRoot Component={function PreviewPage} serverProvidedParams={{...}}>
              <PreviewPage params={Promise} searchParams={Promise}>
                <div className="min-h-scre...">
                  <div className="max-w-5xl ...">
                    <div>
                    <HeadingBlock>
                    <ParagraphBlock>
                    <SeparatorBlock>
                    <HeadingBlock>
                    <ParagraphBlock>
                    <div>
                    <div>
                    <div>
                    <div>
                    <div>
                    <div>
                    <div>
                    <div>
                    <div>
                    <div>
                    <div>
                    <SeparatorBlock>
                    <HeadingBlock>
                    <ParagraphBlock>
                    <SeparatorBlock>
                    <SeparatorBlock>
                    <SeparatorBlock>
                    <SeparatorBlock>
                    <SeparatorBlock>
                    <div>
                    <SeparatorBlock>
                    <SeparatorBlock>
                    <SeparatorBlock>
                    <SeparatorBlock>
                    <SeparatorBlock>
                    <div>
                    <SeparatorBlock>
                    <SeparatorBlock>
                    <SeparatorBlock>
                    <SeparatorBlock>
                    <SeparatorBlock>
                    <div>
                    <div>
                    <ParagraphBlock>
                    <SeparatorBlock>
                    <HeadingBlock>
                    <ParagraphBlock>
                    <HeadingBlock>
                    <HeadingBlock>
                    <HeadingBlock>
                    <ParagraphBlock>
                    <SubheadingBlock>
                    <SeparatorBlock>
                    <HeadingBlock>
                    <ParagraphBlock>
                    <ParagraphBlock>
                    <ParagraphBlock>
                    <ParagraphWithHeadingBlock>
                    <ParagraphBlock>
                    <ParagraphWithSubheadingBlock>
                    <ParagraphBlock>
                    <ColumnsBlock>
                    <SeparatorBlock>
                    <HeadingBlock>
                    <ParagraphBlock>
                    <HighlightBlock>
                    <ParagraphBlock>
                    <HighlightColumnBlock>
                    <ParagraphBlock>
                    <HighlightCenterLineBlock>
                    <ParagraphBlock>
                    <HighlightLeftLineBlock>
                    <ParagraphBlock>
                    <HighlightBackgroundBlock>
                    <SeparatorBlock>
                    <HeadingBlock>
                    <ParagraphBlock>
                    <ImageBlock>
                    <ParagraphBlock>
                    <ImageWithTextBlock>
                    <ParagraphBlock>
                    <ImageWithTextLeftBlock>
                    <ParagraphBlock>
                    <ImageWithTextCenterBlock>
                    <ParagraphBlock>
                    <ImageWithTextBottomBlock>
                    <ParagraphBlock>
                    <ImageWithTextTopBlock>
                    <SeparatorBlock>
                    <HeadingBlock>
                    <ParagraphBlock>
                    <ComparisonBlock>
                    <ParagraphBlock>
                    <ComparisonBeforeAfterBlock>
                    <ParagraphBlock>
                    <ComparisonProsConsBlock>
                    <ParagraphBlock>
                    <ComparisonCauseEffectBlock>
                    <ParagraphBlock>
                    <ComparisonDosDontsBlock>
                    <ParagraphBlock>
                    <ComparisonMythFactBlock>
                    <SeparatorBlock>
                    <HeadingBlock>
                    <ParagraphBlock>
                    <ChatBlock>
                    <ParagraphBlock>
                    <ChatQABlock>
                    <ParagraphBlock>
                    <ChatQuestionWallBlock>
                    <ParagraphBlock>
                    <ChatDialogBlock>
                    <SeparatorBlock>
                    <HeadingBlock>
                    <ParagraphBlock>
                    <QuoteBlock>
                    <ParagraphBlock>
                    <QuoteCenterBorderBlock>
                    <ParagraphBlock>
                    <QuoteCenterLightBlock>
                    <ParagraphBlock>
                    <QuoteLeftLightBlock>
                    <ParagraphBlock>
                    <QuoteLeftBlock>
                    <ParagraphBlock>
                    <QuoteImageBlock>
                    <SeparatorBlock>
                    <HeadingBlock>
                    <ParagraphBlock>
                    <ListBlock>
                    <ParagraphBlock>
                    <ListBlock>
                    <ParagraphBlock>
                    <ListBlock>
                    <ParagraphBlock>
                    <ListBlock>
                    <ParagraphBlock>
                    <ListBlock>
                    <ParagraphBlock>
                    <ListBlock>
                    <SeparatorBlock>
                    <HeadingBlock>
                    <ParagraphBlock>
                    <ReviewsBlock>
                    <ParagraphBlock>
                    <VideoBlock>
                    <ParagraphBlock>
                    <AudioBlock>
                    <ParagraphBlock>
                    <AttachmentBlock>
                    <ParagraphBlock>
                    <EmbedBlock>
                    <ParagraphBlock>
                    <ButtonStackBlock>
                    <ParagraphBlock>
                    <ButtonStackBlock>
                    <ParagraphBlock>
                    <ButtonStackBlock>
                    <ParagraphBlock>
                    <ButtonStackBlock>
                    <SeparatorBlock>
                    <HeadingBlock>
                    <TableBlock>
                    <SeparatorBlock>
                    <HeadingBlock>
                    <GalleryBlock>
                    <SeparatorBlock>
                    <HeadingBlock>
                    <ParagraphBlock>
                    <GraphBlock>
                    <ParagraphBlock>
                    <GraphBlock>
                    <ParagraphBlock>
                    <GraphBlock>
                    <SeparatorBlock>
                    <HeadingBlock>
                    <TimelineBlock>
                    <SeparatorBlock>
                    <HeadingBlock>
                    <ParagraphBlock>
                    <StoryTellingBlock>
                    <StoryTellingBlock>
                    <StoryTellingBlock>
                    <StoryTellingBlock>
                    <StoryTellingBlock>
                    <ParagraphBlock>
                    <StoryTellingBlock>
                    <StoryTellingBlock>
                    <StoryTellingBlock>
                    <StoryTellingBlock>
                    <StoryTellingBlock>
                    <StoryTellingBlock>
                    <StoryTellingBlock>
                    <StoryTellingBlock>
                    <StoryTellingBlock>
                    <StoryTellingBlock>
                    <StoryTellingBlock>
                    <StoryTellingBlock>
                    <ParagraphBlock>
                    <StoryTellingBlock>
                    <StoryTellingBlock>
                    <StoryTellingBlock>
                    <StoryTellingBlock>
                    <StoryTellingBlock>
                    <StoryTellingBlock>
                    <SeparatorBlock>
                    <HeadingBlock>
                    <TestimonialBlock>
                    <SeparatorBlock>
                    <HeadingBlock>
                    <SeparatorBlock>
                    <SeparatorBlock>
                    <HeadingBlock>
                    <CheckboxBlock>
                    <SeparatorBlock>
                    <HeadingBlock>
                    <CarouselBlock>
                    <SeparatorBlock>
                    <HeadingBlock>
                    <AccordionBlock>
                    <SeparatorBlock>
                    <HeadingBlock>
                    <TabsBlock>
                    <SeparatorBlock>
                    <HeadingBlock>
                    <LabeledImageBlock>
                    <SeparatorBlock>
                    <HeadingBlock>
                    <ScenarioBlock>
                    <SeparatorBlock>
                    <HeadingBlock>
                    <ParagraphBlock>
                    <SortingStepsBlock items={[...]} dark={false}>
                      <div className={"w-full p-4 "}>
                        <div className="space-y-2">
                          <div>
                          <div>
                          <div draggable={true} onDragStart={function onDragStart} onDragOver={function onDragOver} ...>
                            <GripVertical>
                            <div className="flex-1">
                              <p className="font-medium text-gray-900">
+                               Requirements
-                               Deployment
                              ...
                          ...
                        ...
                    ...
          ...
        ...

    at throwOnHydrationMismatch (http://localhost:8000/_next/static/chunks/node_modules_next_dist_compiled_react-dom_1e674e59._.js:3342:56)
    at prepareToHydrateHostInstance (http://localhost:8000/_next/static/chunks/node_modules_next_dist_compiled_react-dom_1e674e59._.js:3396:23)
    at completeWork (http://localhost:8000/_next/static/chunks/node_modules_next_dist_compiled_react-dom_1e674e59._.js:6928:60)
    at runWithFiberInDEV (http://localhost:8000/_next/static/chunks/node_modules_next_dist_compiled_react-dom_1e674e59._.js:959:74)
    at completeUnitOfWork (http://localhost:8000/_next/static/chunks/node_modules_next_dist_compiled_react-dom_1e674e59._.js:9621:23)
    at performUnitOfWork (http://localhost:8000/_next/static/chunks/node_modules_next_dist_compiled_react-dom_1e674e59._.js:9558:28)
    at workLoopConcurrentByScheduler (http://localhost:8000/_next/static/chunks/node_modules_next_dist_compiled_react-dom_1e674e59._.js:9552:58)
    at renderRootConcurrent (http://localhost:8000/_next/static/chunks/node_modules_next_dist_compiled_react-dom_1e674e59._.js:9535:71)
    at performWorkOnRoot (http://localhost:8000/_next/static/chunks/node_modules_next_dist_compiled_react-dom_1e674e59._.js:9062:150)
    at performWorkOnRootViaSchedulerTask (http://localhost:8000/_next/static/chunks/node_modules_next_dist_compiled_react-dom_1e674e59._.js:10224:9)
    at MessagePort.performWorkUntilDeadline (http://localhost:8000/_next/static/chunks/node_modules_next_dist_compiled_a0e4c7b4._.js:2647:64)
[   10776ms] [WARNING] Image with src "/sample.jpeg" has "fill" but is missing "sizes" prop. Please add it to improve page performance. Read more: https://nextjs.org/docs/api-reference/next/image#sizes @ http://localhost:8000/_next/static/chunks/node_modules_next_dist_7a8122d0._.js:2287
[   10834ms] [WARNING] Image with src "/story-telling-block/torso-grande1.png" has "fill" but is missing "sizes" prop. Please add it to improve page performance. Read more: https://nextjs.org/docs/api-reference/next/image#sizes @ http://localhost:8000/_next/static/chunks/node_modules_next_dist_7a8122d0._.js:2287
[   10874ms] [WARNING] Image with src "/story-telling-block/torso-alto-1.png" has "fill" but is missing "sizes" prop. Please add it to improve page performance. Read more: https://nextjs.org/docs/api-reference/next/image#sizes @ http://localhost:8000/_next/static/chunks/node_modules_next_dist_7a8122d0._.js:2287
[   10881ms] [WARNING] Image with src "/story-telling-block/torso-alto-2.png" has "fill" but is missing "sizes" prop. Please add it to improve page performance. Read more: https://nextjs.org/docs/api-reference/next/image#sizes @ http://localhost:8000/_next/static/chunks/node_modules_next_dist_7a8122d0._.js:2287
[   10886ms] [WARNING] Image with src "/story-telling-block/torso-grande-1.png" has "fill" but is missing "sizes" prop. Please add it to improve page performance. Read more: https://nextjs.org/docs/api-reference/next/image#sizes @ http://localhost:8000/_next/static/chunks/node_modules_next_dist_7a8122d0._.js:2287
[   10893ms] [WARNING] Image with src "/story-telling-block/torso-grande-4.png" has "fill" but is missing "sizes" prop. Please add it to improve page performance. Read more: https://nextjs.org/docs/api-reference/next/image#sizes @ http://localhost:8000/_next/static/chunks/node_modules_next_dist_7a8122d0._.js:2287
[   10901ms] [WARNING] Image with src "/story-telling-block/torso-grande-2.png" has "fill" but is missing "sizes" prop. Please add it to improve page performance. Read more: https://nextjs.org/docs/api-reference/next/image#sizes @ http://localhost:8000/_next/static/chunks/node_modules_next_dist_7a8122d0._.js:2287
[   10904ms] [WARNING] Image with src "/story-telling-block/torso-grande-5.png" has "fill" but is missing "sizes" prop. Please add it to improve page performance. Read more: https://nextjs.org/docs/api-reference/next/image#sizes @ http://localhost:8000/_next/static/chunks/node_modules_next_dist_7a8122d0._.js:2287
[   10906ms] [WARNING] Image with src "/story-telling-block/torso-alto-3.png" has "fill" but is missing "sizes" prop. Please add it to improve page performance. Read more: https://nextjs.org/docs/api-reference/next/image#sizes @ http://localhost:8000/_next/static/chunks/node_modules_next_dist_7a8122d0._.js:2287
[   10916ms] [WARNING] Image with src "/story-telling-block/torso-alto-5.png" has "fill" but is missing "sizes" prop. Please add it to improve page performance. Read more: https://nextjs.org/docs/api-reference/next/image#sizes @ http://localhost:8000/_next/static/chunks/node_modules_next_dist_7a8122d0._.js:2287
[   10917ms] [WARNING] Image with src "/story-telling-block/torso-alto-4.png" has "fill" but is missing "sizes" prop. Please add it to improve page performance. Read more: https://nextjs.org/docs/api-reference/next/image#sizes @ http://localhost:8000/_next/static/chunks/node_modules_next_dist_7a8122d0._.js:2287
[   10929ms] [WARNING] Image with src "/story-telling-block/torso-alto-6.png" has "fill" but is missing "sizes" prop. Please add it to improve page performance. Read more: https://nextjs.org/docs/api-reference/next/image#sizes @ http://localhost:8000/_next/static/chunks/node_modules_next_dist_7a8122d0._.js:2287
[   10934ms] [WARNING] Image with src "/story-telling-block/torso-alto-7.png" has "fill" but is missing "sizes" prop. Please add it to improve page performance. Read more: https://nextjs.org/docs/api-reference/next/image#sizes @ http://localhost:8000/_next/static/chunks/node_modules_next_dist_7a8122d0._.js:2287
[   10937ms] [WARNING] Image with src "/story-telling-block/torso-alto-8.png" has "fill" but is missing "sizes" prop. Please add it to improve page performance. Read more: https://nextjs.org/docs/api-reference/next/image#sizes @ http://localhost:8000/_next/static/chunks/node_modules_next_dist_7a8122d0._.js:2287
[   10946ms] [WARNING] Image with src "/story-telling-block/torso-alto-9.png" has "fill" but is missing "sizes" prop. Please add it to improve page performance. Read more: https://nextjs.org/docs/api-reference/next/image#sizes @ http://localhost:8000/_next/static/chunks/node_modules_next_dist_7a8122d0._.js:2287
[   10959ms] [WARNING] Image with src "/story-telling-block/torso-alto-11.png" has "fill" but is missing "sizes" prop. Please add it to improve page performance. Read more: https://nextjs.org/docs/api-reference/next/image#sizes @ http://localhost:8000/_next/static/chunks/node_modules_next_dist_7a8122d0._.js:2287
[   10960ms] [WARNING] Image with src "/story-telling-block/torso-alto-10.png" has "fill" but is missing "sizes" prop. Please add it to improve page performance. Read more: https://nextjs.org/docs/api-reference/next/image#sizes @ http://localhost:8000/_next/static/chunks/node_modules_next_dist_7a8122d0._.js:2287
[   10961ms] [WARNING] Image with src "/story-telling-block/torso-alto-12.png" has "fill" but is missing "sizes" prop. Please add it to improve page performance. Read more: https://nextjs.org/docs/api-reference/next/image#sizes @ http://localhost:8000/_next/static/chunks/node_modules_next_dist_7a8122d0._.js:2287
[   10985ms] [WARNING] Image with src "/story-telling-block/sin-piernas-1.png" has "fill" but is missing "sizes" prop. Please add it to improve page performance. Read more: https://nextjs.org/docs/api-reference/next/image#sizes @ http://localhost:8000/_next/static/chunks/node_modules_next_dist_7a8122d0._.js:2287
[   10992ms] [WARNING] Image with src "/story-telling-block/sin-piernas-2.png" has "fill" but is missing "sizes" prop. Please add it to improve page performance. Read more: https://nextjs.org/docs/api-reference/next/image#sizes @ http://localhost:8000/_next/static/chunks/node_modules_next_dist_7a8122d0._.js:2287
[   10993ms] [WARNING] Image with src "/story-telling-block/sin-piernas-3.png" has "fill" but is missing "sizes" prop. Please add it to improve page performance. Read more: https://nextjs.org/docs/api-reference/next/image#sizes @ http://localhost:8000/_next/static/chunks/node_modules_next_dist_7a8122d0._.js:2287
[   11001ms] [WARNING] Image with src "/story-telling-block/sin-piernas-4.png" has "fill" but is missing "sizes" prop. Please add it to improve page performance. Read more: https://nextjs.org/docs/api-reference/next/image#sizes @ http://localhost:8000/_next/static/chunks/node_modules_next_dist_7a8122d0._.js:2287
[   11018ms] [WARNING] Image with src "/story-telling-block/sin-piernas-5.png" has "fill" but is missing "sizes" prop. Please add it to improve page performance. Read more: https://nextjs.org/docs/api-reference/next/image#sizes @ http://localhost:8000/_next/static/chunks/node_modules_next_dist_7a8122d0._.js:2287
[   11021ms] [WARNING] Image with src "/story-telling-block/sin-piernas-6.png" has "fill" but is missing "sizes" prop. Please add it to improve page performance. Read more: https://nextjs.org/docs/api-reference/next/image#sizes @ http://localhost:8000/_next/static/chunks/node_modules_next_dist_7a8122d0._.js:2287
